Iteration	alpha_morpho	alpha_seq	branch_rates	clock_morpho	er	lambda	mu	obd_tree	omega	psi	sf	start_time
0	1.001199	0.4313493	0.002713486	2.88891	[0.128632,0.305192,0.128118,0.166692,0.220642,0.0507245]	0.007298359	0.011636	(f54[&index=10]:0.132393,((f1[&index=9]:4.458101,(((f0[&index=8]:1.041267,f4[&index=7]:1.041267)[&index=11]:3.185344,f53[&index=6]:0.026610)[&index=12]:0.170072,f50[&index=5]:1.282683)[&index=13]:0.061418)[&index=14]:0.704458,(f52[&index=4]:1.004003,(f51[&index=3]:0.563724,(f2[&index=2]:3.398371,f3[&index=1]:3.398371)[&index=15]:0.968353)[&index=16]:0.585279)[&index=17]:0.210555)[&index=18]:0.130834)[&index=19]:0.000000;	0.406959	0.1150825	[0.515133,0.331686,0.0544707,0.0987111]	8.490851
1	1.001199	0.4313493	0.002713486	2.88891	[0.128632,0.305192,0.128118,0.166692,0.220642,0.0507245]	0.007298359	0.011636	(f54[&index=10]:0.132393,((f1[&index=9]:4.458101,(((f0[&index=8]:1.041267,f4[&index=7]:1.041267)[&index=11]:3.185344,f53[&index=6]:0.026610)[&index=12]:0.170072,f50[&index=5]:1.282683)[&index=13]:0.061418)[&index=14]:0.704458,(f52[&index=4]:1.004003,(f51[&index=3]:0.563724,(f2[&index=2]:3.398371,f3[&index=1]:3.398371)[&index=15]:0.968353)[&index=16]:0.585279)[&index=17]:0.210555)[&index=18]:0.130834)[&index=19]:0.000000;	0.406959	0.1150825	[0.515133,0.331686,0.0544707,0.0987111]	8.490851
