Iteration	alpha_morpho	alpha_seq	branch_rates	clock_morpho	er	lambda	mu	obd_tree	omega	psi	sf	start_time
0	0.534204	0.4523303	0.0001074664	0.4202539	[0.110005,0.0417276,0.0818335,0.200507,0.409049,0.156878]	0.007298359	0.011636	((((((f28[&index=55]:2.685782,f45[&index=54]:0.937782)[&index=56]:0.872403,f4[&index=53]:3.558185)[&index=57]:0.081360,(f40[&index=52]:1.787163,f8[&index=51]:3.040163)[&index=58]:0.599383)[&index=59]:1.227408,f42[&index=50]:3.581954)[&index=60]:0.170858,((((f0[&index=49]:3.391845,((f17[&index=48]:0.421229,f26[&index=47]:0.421229)[&index=61]:2.639045,f30[&index=46]:3.060274)[&index=62]:0.331571)[&index=63]:0.855983,f36[&index=45]:3.755828)[&index=64]:0.056495,f49[&index=44]:1.207323)[&index=65]:0.301657,f53[&index=43]:0.405979)[&index=66]:0.431832)[&index=67]:0.255582,(((f41[&index=42]:1.222597,f20[&index=41]:2.502597)[&index=68]:2.650373,(((((((f24[&index=40]:0.853933,f16[&index=39]:0.853933)[&index=69]:1.965693,f46[&index=38]:0.558626)[&index=70]:0.903915,((f27[&index=37]:0.042299,f21[&index=36]:0.042299)[&index=71]:0.353652,f10[&index=35]:0.395950)[&index=72]:3.327590)[&index=73]:0.004675,((f18[&index=34]:2.203774,f25[&index=33]:2.203774)[&index=74]:1.304805,f38[&index=32]:2.413579)[&index=75]:0.219637)[&index=76]:0.404316,(f11[&index=31]:1.892199,((f12[&index=30]:1.024121,(f5[&index=29]:0.124529,f13[&index=28]:0.124529)[&index=77]:0.899592)[&index=78]:0.789505,(f15[&index=27]:1.730010,(f29[&index=26]:0.850470,f23[&index=25]:0.850470)[&index=79]:0.879540)[&index=80]:0.083616)[&index=81]:0.078573)[&index=82]:2.240334)[&index=83]:0.064932,f43[&index=24]:2.814465)[&index=84]:0.915836,(((f3[&index=23]:4.149238,(((f22[&index=22]:0.262547,f2[&index=21]:0.262547)[&index=85]:0.257095,f9[&index=20]:0.519641)[&index=86]:2.477764,f31[&index=19]:2.997405)[&index=87]:1.151833)[&index=88]:0.678681,(((((f33[&index=18]:2.390143,f39[&index=17]:1.183143)[&index=89]:1.643292,f14[&index=16]:4.033435)[&index=90]:0.203841,(f6[&index=15]:2.065233,f37[&index=14]:1.254233)[&index=91]:2.172044)[&index=92]:0.430217,(f1[&index=13]:4.410423,f48[&index=12]:1.490423)[&index=93]:0.257070)[&index=94]:0.036265,f52[&index=11]:0.755758)[&index=95]:0.124161)[&index=96]:0.089269,(((((f19[&index=10]:0.960617,f35[&index=9]:0.591617)[&index=97]:2.447214,(f32[&index=8]:1.364173,f34[&index=7]:1.039173)[&index=98]:2.043657)[&index=99]:1.020853,(f47[&index=6]:0.331528,f44[&index=5]:1.091528)[&index=100]:1.701156)[&index=101]:0.325121,f50[&index=4]:1.639805)[&index=102]:0.021998,(f7[&index=3]:3.966454,f51[&index=2]:0.163454)[&index=103]:0.809349)[&index=104]:0.141385)[&index=105]:0.196113)[&index=106]:0.039669)[&index=107]:0.137621,f54[&index=1]:0.129591)[&index=108]:0.002802)[&index=109]:0.000000;	0.406959	0.1150825	[0.179482,0.393565,0.0817965,0.345156]	8.490851
1	0.534204	0.4523303	0.0001074664	0.4202539	[0.110005,0.0417276,0.0818335,0.200507,0.409049,0.156878]	0.007298359	0.011636	((((((f28[&index=55]:2.685782,f45[&index=54]:0.937782)[&index=56]:0.872403,f4[&index=53]:3.558185)[&index=57]:0.081360,(f40[&index=52]:1.787163,f8[&index=51]:3.040163)[&index=58]:0.599383)[&index=59]:1.227408,f42[&index=50]:3.581954)[&index=60]:0.170858,((((f0[&index=49]:3.391845,((f17[&index=48]:0.421229,f26[&index=47]:0.421229)[&index=61]:2.639045,f30[&index=46]:3.060274)[&index=62]:0.331571)[&index=63]:0.855983,f36[&index=45]:3.755828)[&index=64]:0.056495,f49[&index=44]:1.207323)[&index=65]:0.301657,f53[&index=43]:0.405979)[&index=66]:0.431832)[&index=67]:0.255582,(((f41[&index=42]:1.222597,f20[&index=41]:2.502597)[&index=68]:2.650373,(((((((f24[&index=40]:0.853933,f16[&index=39]:0.853933)[&index=69]:1.965693,f46[&index=38]:0.558626)[&index=70]:0.903915,((f27[&index=37]:0.042299,f21[&index=36]:0.042299)[&index=71]:0.353652,f10[&index=35]:0.395950)[&index=72]:3.327590)[&index=73]:0.004675,((f18[&index=34]:2.203774,f25[&index=33]:2.203774)[&index=74]:1.304805,f38[&index=32]:2.413579)[&index=75]:0.219637)[&index=76]:0.404316,(f11[&index=31]:1.892199,((f12[&index=30]:1.024121,(f5[&index=29]:0.124529,f13[&index=28]:0.124529)[&index=77]:0.899592)[&index=78]:0.789505,(f15[&index=27]:1.730010,(f29[&index=26]:0.850470,f23[&index=25]:0.850470)[&index=79]:0.879540)[&index=80]:0.083616)[&index=81]:0.078573)[&index=82]:2.240334)[&index=83]:0.064932,f43[&index=24]:2.814465)[&index=84]:0.915836,(((f3[&index=23]:4.149238,(((f22[&index=22]:0.262547,f2[&index=21]:0.262547)[&index=85]:0.257095,f9[&index=20]:0.519641)[&index=86]:2.477764,f31[&index=19]:2.997405)[&index=87]:1.151833)[&index=88]:0.678681,(((((f33[&index=18]:2.390143,f39[&index=17]:1.183143)[&index=89]:1.643292,f14[&index=16]:4.033435)[&index=90]:0.203841,(f6[&index=15]:2.065233,f37[&index=14]:1.254233)[&index=91]:2.172044)[&index=92]:0.430217,(f1[&index=13]:4.410423,f48[&index=12]:1.490423)[&index=93]:0.257070)[&index=94]:0.036265,f52[&index=11]:0.755758)[&index=95]:0.124161)[&index=96]:0.089269,(((((f19[&index=10]:0.960617,f35[&index=9]:0.591617)[&index=97]:2.447214,(f32[&index=8]:1.364173,f34[&index=7]:1.039173)[&index=98]:2.043657)[&index=99]:1.020853,(f47[&index=6]:0.331528,f44[&index=5]:1.091528)[&index=100]:1.701156)[&index=101]:0.325121,f50[&index=4]:1.639805)[&index=102]:0.021998,(f7[&index=3]:3.966454,f51[&index=2]:0.163454)[&index=103]:0.809349)[&index=104]:0.141385)[&index=105]:0.196113)[&index=106]:0.039669)[&index=107]:0.137621,f54[&index=1]:0.129591)[&index=108]:0.002802)[&index=109]:0.000000;	0.406959	0.1150825	[0.179482,0.393565,0.0817965,0.345156]	8.490851
